1 tache1
2 tache3 #urgent #montag2 #urgente #newtag
3 mon autre tache #tag #newtag #newtag
