[34m1[0m [32mtache1[0m
[34m2[0m [32mtache3 [0m[33m[31m#urgent [0m[0m[33m#montag2 [0m[33m#newtag[0m
[34m3[0m [32mmon autre tache [0m[33m#tag [0m[33m#newtag [0m[33m#newtag[0m
